method=PUT
canonical-path=/photos/cat%20space.jpg
canonical-query=X-Amz-Meta=a%20b&X-Amz-Meta=a%2Fb&partNumber=10&uploadId=upload%201
canonical-headers=host:bucket.s3.us-east-1.amazonaws.com
x-amz-content-sha256:230d8358dc8e8890b4c58deeb62912ee2f20357ae92a5cc861b98e68fe31acb5
x-amz-date:20260408T120000Z
x-amz-meta-trace:replay fixture,second
signed-headers=host;x-amz-content-sha256;x-amz-date;x-amz-meta-trace
payload-hash=230d8358dc8e8890b4c58deeb62912ee2f20357ae92a5cc861b98e68fe31acb5
authorization=AWS4-HMAC-SHA256 Credential=REDACTED, SignedHeaders=host;x-amz-content-sha256;x-amz-date;x-amz-meta-trace, Signature=REDACTED
